

@param quick brown fox
@return quick brown fox
@random quick brown fox


.. c:function:: int foo(int quick)

   
   @param quick brown fox
   @return quick brown fox
   @random quick brown fox
   

.. c:function:: int kerneldoc(int quick)

   
   
   :param quick: quick brown fox
   
   :return: quick brown fox
   
   :param random: quick brown fox
   

