
.. c:type:: enum foo

   Enum doc.


   .. c:macro:: bar

      Enumeration comment.


   .. c:macro:: baz

      Another.

