
Source files may contain documentation comments not attached to any C
constructs. They will be included as generic documentation comments, for
example to describe the design of :c:type:`list` frobnication using
:c:func:`frob`.


