
.. c:macro:: FAILURE

   Failure status.


.. c:function:: DIE()

   Terminate immediately with failure status.

   See :c:macro:`FAILURE`.


.. c:function:: ARRAY_SIZE(array)

   Get the number of elements in an array.

   :param array: An array
   :return: Array size


.. c:function:: VARIADIC_MACRO(foo, ...)

   Variadic macros

   :param foo: regular argument
   :param ...: variable argument

