WARNING: 9: declaration of 'struct list' will not be visible outside of this function
WARNING: 9: declaration of 'enum mode' will not be visible outside of this function
