.. c:function:: int foo(int bar, int baz)

   Foo function.
   

