.. c:function:: FOO(bar, baz)

   
   A function-like macro.
   

.. c:function:: BAR()

   
   Another
   

