.. c:type:: enum named

   
   named typedeffed enum
   

.. c:macro:: damn

   
   named enumeration
   

.. c:type:: unnamed_t

   
   unnamed typedeffed enum
   

.. c:macro:: shit

   
   unnamed enumeration
   

