
.. c:type:: union foo

   Union documentation.


   .. c:member:: int foo

      int member 1.


   .. c:member:: int bar

      int member 2.


   .. c:member:: struct _baz _baz

      struct member.

