
.. c:var:: int sheesh

   This is a variable document.

